async function main() {
  console.log('Hello, World! 1 [0]');

  /* < time-limited to="2099-12-31 23:59:59" > */
    console.log('📌This code will be removed after 2099-12-31T23:59:59.999Z [2]');
  /* < /time-limited > */

  /* =============== Nested tags =============== */

  /* < time-limited to="2099-12-31 23:59:59" > */
    console.log('📌This code will be removed after 2099-12-31T23:59:59.999Z [6]');
  /* < /time-limited > */

  const isReleased = await fetch('https://example.test/features/awesome-feature')

  /* =============== Unwrap Block =============== */

  console.log('📌This code is unconditionally executed after 2020-12-31T23:59:59.999Z [8]');
  const awesomeFeature = new awesomeFeature()
  awesomeFeature.run();

  for (let i = 0; i < 10; i++) {
    console.log('📌This code is unconditionally executed after 2020-12-31T23:59:59.999Z [9]');
    awesomeFeature.add(i);
  }

console.log('📌This code is unconditionally executed after 2020-12-31T23:59:59.999Z [10]');

  /* unwrap-block requires a removal target immediately after the start tag and immediately before the end tag. */
  /* < time-limited to="2020-12-31 23:59:59" unwrap-block > */
  /* < /time-limited > */
  /* < time-limited to="2020-12-31 23:59:59" unwrap-block > */
  foo()
  /* < /time-limited > */

  /* If the indentation of the marker is greater than the indentation of the block, it cannot be removed. */
    console.log('📌This code is unconditionally executed after 2020-12-31T23:59:59.999Z [11]');

  /* unwrap-block requires a line break immediately after the start tag and immediately before the end tag. */
  /* < time-limited to="2020-12-31 23:59:59" unwrap-block > */ foo() /* < /time-limited > */
  /* < time-limited to="2020-12-31 23:59:59" unwrap-block > *//* < /time-limited > */
  console.log('Hello, World! 2 [12]');

  /* =============== comment attribute =============== */

  console.log('[14]');
}
