[{"line_range":[5,7],"annotated_code_block":"             _start\n      5 |    /* < time-limited to=\"2020-12-31 23:59:59\" > */\n      6 |    console.log('foo')\n      7 |    /* < /time-limited > */\n                                   ‾end","current_status":"Ready"},{"line_range":[11,12],"annotated_code_block":"             _start\n     11 |    /* < time-limited to=\"2020-12-31 23:59:59\" unwrap-block > */\n     12 |    if (isReleased) {\n                             ‾end","current_status":"Ready"},{"line_range":[16,17],"annotated_code_block":"         _start\n     16 |    }\n     17 |    /* < /time-limited > */\n                                   ‾end","current_status":"Ready"}]
