[{"line_range":[4,4],"annotated_code_block":"           _start\n      4 |  /* < time-limited from=\"2020-01-01 00:00:00\" > */\n                                                           ‾end","current_status":"Ready"},{"line_range":[6,6],"annotated_code_block":"           _start\n      6 |  /* < /time-limited > */\n                                 ‾end","current_status":"Ready"},{"line_range":[12,14],"annotated_code_block":"           _start\n     12 |  /* < time-limited to=\"2020-12-31 23:59:59\" > */\n     13 |  console.log('removal-target: past to [3]');\n     14 |  /* < /time-limited > */\n                                 ‾end","current_status":"Ready"}]
